
┌────────────────────────────────────────┐
│ WTF-RESTARTED -- Last Restart Analysis │
└────────────────────────────────────────┘
  Last boot:            unknown  
  Current uptime:       unknown  
  Computer:             unknown  

┌────────────────────────────────────────────────────── VERDICT ───────────────────────────────────────────────────────┐
│ UNKNOWN                                                                                                              │
│                                                                                                                      │
│                                                                                                                      │
└──────────────────────────────────────────────────────────────────────────────────────────────────────────────────────┘

